[websites.looka.com/site/a9d134618b7b.html]
[backblue.gif]
[fade.gif]
[index.html]
[static.cdn-website.com/mnlt/production/2382/_dm/s/rt/dist/css/d-css-runtime-desktop-one-package-new.min.css]
[irp.cdn-website.com/WIDGET_CSS/production_2382/2ab06238fadc111cb27d396950534ebd.css]
[websites.looka.com/_dm/s/rt/generate_css/a9d1346152cd.css]
[websites.looka.com/editor/css/one.preview7ba0.css]
[irp-cdn.multiscreensite.com/-resellers-preview/test@looka.com/logo/uc265jhjvn9jpslje95c4mpg45.png]
[websites.looka.com/site/a9d13461/aboutf5b7.html]
[websites.looka.com/site/a9d13461/indexf5b7.html]
[websites.looka.com/site/a9d13461/specialitiesf5b7.html]
[websites.looka.com/site/a9d13461/contactf5b7.html]
[s3.ca-central-1.amazonaws.com/logojoy/logos/76177530/noBgColor.png]
[cdn.looka.com/assets-db/industry_photos/environmentalorganization/offering-1.jpg]
[cdn.looka.com/assets-db/industry_photos/environmentalorganization/1.jpg]
[cdn.looka.com/assets-db/industry_photos/environmentalorganization/3.jpg]
[irt-cdn.multiscreensite.com/md/dmtmpl/dms3rep/multi/young-woman-with-man-outdoors-sun.jpg]
[irt-cdn.multiscreensite.com/md/dmtmpl/dms3rep/multi/man-big-smile-portrait-black-white.jpg]
[irt-cdn.multiscreensite.com/md/dmtmpl/dms3rep/multi/woman-with-hat-snow.jpg]
[static.cdn-website.com/libs/jquery/2.2.4/jquery.min.js]
[static.cdn-website.com/mnlt/production/2382/_dm/s/rt/dist/scripts/d-js-one-runtime-unified-desktop.min.js]
[websites.looka.com/site/a9d134618b7b.html]
[static.cdn-website.com/mnlt/production/2382/_dm/s/rt/dist/css/d-css-runtime-desktop-one-package-new.min.css]
[websites.looka.com/editor/scripts/wp_preview7ba0.js]
[irp.cdn-website.com/_dm/s/rt/scripts/vendor/photoswipe4/icons/default-skin.png]
[irp.cdn-website.com/_dm/s/rt/scripts/vendor/photoswipe4/icons/preloader.gif]
[irp.cdn-website.com/_dm/s/rt/scripts/vendor/photoSwipe/icons@2x.png]
[dd-cdn.multiscreensite.com/runtime-img/galleryLoader.gif]
[irp.cdn-website.com/WIDGET_CSS/production_2382/2ab06238fadc111cb27d396950534ebd.css]
[dp-cdn.multiscreensite.com/bfsImages/sunset-hair.jpg]
[dd-cdn.multiscreensite.com/themes/sections/sectionImg5.jpg]
[dd-cdn.multiscreensite.com/themes/sections/click2Call.jpg]
[dd-cdn.multiscreensite.com/themes/sections/halloween_call.jpg]
[dd-cdn.multiscreensite.com/themes/sections/Trick-or-Treat.jpg]
[dp-cdn.multiscreensite.com/gallery/pink_pattern.png]
[dd-cdn.multiscreensite.com/themes/sections/holiday/thanksgivingBg.jpg]
[dd-cdn.multiscreensite.com/themes/sections/holiday/holidaySnow.png]
[dd-cdn.multiscreensite.com/themes/sections/holiday/smbSaturdayBg.jpg]
[dd-cdn.multiscreensite.com/themes/sections/holiday/cyberMondayBg.jpg]
[dd-cdn.multiscreensite.com/themes/sections/aidsBg.png]
[dp-cdn.multiscreensite.com/gallery/bg_37.png]
[dd-cdn.multiscreensite.com/runtime-img/imgPlaceholder2.png]
[dd-cdn.multiscreensite.com/runtime-img/imgPlaceholder1.png]
[dd-cdn.multiscreensite.com/runtime-img/imgPlaceholder3.png]
[dd-cdn.multiscreensite.com/runtime-img/yelpLogo.png]
[websites.looka.com/_dm/s/rt/generate_css/a9d1346152cd.css]
[irt-cdn.multiscreensite.com/ce0bb35f932b47bb809d0e37905542ba/dms3rep/multi/site_background_education-2087x1173.jpg]
[websites.looka.com/editor/css/one.preview7ba0.css]
[websites.looka.com/site/a9d13461/indexf5b7.html]
[irp.cdn-website.com/WIDGET_CSS/production_2382/b7335f05cb21992245d201920748f56d.css]
[cdn.looka.com/assets-db/industry_photos/environmentalorganization/6.jpg]
[websites.looka.com/site/a9d13461/aboutf5b7.html]
[lirp.cdn-website.com/md/unsplash/dms3rep/multi/opt/photo-1569864358642-9d1684040f43-2880w.jpg]
[cdn.looka.com/assets-db/industry_photos/environmentalorganization/2.jpg]
[cdn.looka.com/assets-db/industry_photos/environmentalorganization/offering-3.jpg]
[cdn.looka.com/assets-db/industry_photos/environmentalorganization/7.jpg]
[cdn.looka.com/assets-db/industry_photos/environmentalorganization/5.jpg]
[websites.looka.com/site/a9d13461/specialitiesf5b7.html]
[websites.looka.com/site/a9d13461/contactf5b7.html]
[app.multiscreenstore.com/script.html]
[irp.cdn-website.com/WIDGET_CSS/production_2382/b7335f05cb21992245d201920748f56d.css]
[irp.cdn-website.com/WIDGET_CSS/production_2382/004b5bdd245110b6c6336267aa0e53b8.css]
[irp.cdn-website.com/WIDGET_CSS/production_2382/004b5bdd245110b6c6336267aa0e53b8.css]
[irp.cdn-website.com/editor/nee/images/common/2ColumnsArrows.png]
[irp.cdn-website.com/editor/nee/images/common/bluePic.png]
